0 verbose cli C:\Program Files\nodejs\node.exe C:\Program Files\nodejs\node_modules\npm\bin\npm-cli.js
1 info using npm@10.9.3
2 info using node@v22.19.0
3 silly config load:file:C:\Program Files\nodejs\node_modules\npm\npmrc
4 silly config load:file:C:\Users\User\Desktop\fathudives\.npmrc
5 silly config load:file:C:\Users\User\.npmrc
6 silly config load:file:C:\Users\User\AppData\Roaming\npm\etc\npmrc
7 verbose title npm install
8 verbose argv "install" "--ignore-scripts" "--cache" ".npm-cache"
9 verbose logfile logs-max:10 dir:C:\Users\User\Desktop\fathudives\.npm-cache\_logs\2026-08-13T19_58_41_956Z-
10 verbose logfile C:\Users\User\Desktop\fathudives\.npm-cache\_logs\2026-08-13T19_58_41_956Z-debug-0.log
11 silly logfile done cleaning log files
12 silly packumentCache heap:4345298944 maxSize:1086324736 maxEntrySize:543162368
13 silly idealTree buildDeps
14 verbose shrinkwrap failed to load node_modules/.package-lock.json out of date, updated: node_modules
15 http fetch GET https://registry.npmjs.org/npm attempt 1 failed with EACCES
16 silly reify mark retired [ 'C:\\Users\\User\\Desktop\\fathudives\\node_modules\\motion' ]
17 silly reify mark retired [ 'C:\\Users\\User\\Desktop\\fathudives\\node_modules\\lucide-react' ]
18 silly reify mark retired [ 'C:\\Users\\User\\Desktop\\fathudives\\node_modules\\nodemailer' ]
19 silly reify mark retired [ 'C:\\Users\\User\\Desktop\\fathudives\\node_modules\\shadcn' ]
20 silly reify mark retired [
20 silly reify   'C:\\Users\\User\\Desktop\\fathudives\\node_modules\\react-day-picker'
20 silly reify ]
21 silly reify mark retired [
21 silly reify   'C:\\Users\\User\\Desktop\\fathudives\\node_modules\\@base-ui\\react'
21 silly reify ]
22 silly reify mark retired [
22 silly reify   'C:\\Users\\User\\Desktop\\fathudives\\node_modules\\@supabase\\ssr'
22 silly reify ]
23 silly reify mark retired [ 'C:\\Users\\User\\Desktop\\fathudives\\node_modules\\@types\\node' ]
24 silly reify mark retired [
24 silly reify   'C:\\Users\\User\\Desktop\\fathudives\\node_modules\\@types\\nodemailer'
24 silly reify ]
25 silly reify mark retired [
25 silly reify   'C:\\Users\\User\\Desktop\\fathudives\\node_modules\\@supabase\\supabase-js'
25 silly reify ]
26 silly reify mark retired [
26 silly reify   'C:\\Users\\User\\Desktop\\fathudives\\node_modules\\class-variance-authority'
26 silly reify ]
27 silly reify mark retired [ 'C:\\Users\\User\\Desktop\\fathudives\\node_modules\\clsx' ]
28 silly reify mark retired [ 'C:\\Users\\User\\Desktop\\fathudives\\node_modules\\date-fns' ]
29 silly reify mark retired [
29 silly reify   'C:\\Users\\User\\Desktop\\fathudives\\node_modules\\next',
29 silly reify   'C:\\Users\\User\\Desktop\\fathudives\\node_modules\\.bin\\next',
29 silly reify   'C:\\Users\\User\\Desktop\\fathudives\\node_modules\\.bin\\next.cmd',
29 silly reify   'C:\\Users\\User\\Desktop\\fathudives\\node_modules\\.bin\\next.ps1'
29 silly reify ]
30 silly reify mark retired [ 'C:\\Users\\User\\Desktop\\fathudives\\node_modules\\next-themes' ]
31 silly reify mark retired [ 'C:\\Users\\User\\Desktop\\fathudives\\node_modules\\react-dom' ]
32 silly reify mark retired [ 'C:\\Users\\User\\Desktop\\fathudives\\node_modules\\postcss' ]
33 silly reify mark retired [ 'C:\\Users\\User\\Desktop\\fathudives\\node_modules\\sonner' ]
34 silly reify mark retired [ 'C:\\Users\\User\\Desktop\\fathudives\\node_modules\\react' ]
35 silly reify mark retired [
35 silly reify   'C:\\Users\\User\\Desktop\\fathudives\\node_modules\\typescript',
35 silly reify   'C:\\Users\\User\\Desktop\\fathudives\\node_modules\\.bin\\tsc',
35 silly reify   'C:\\Users\\User\\Desktop\\fathudives\\node_modules\\.bin\\tsc.cmd',
35 silly reify   'C:\\Users\\User\\Desktop\\fathudives\\node_modules\\.bin\\tsc.ps1',
35 silly reify   'C:\\Users\\User\\Desktop\\fathudives\\node_modules\\.bin\\tsserver',
35 silly reify   'C:\\Users\\User\\Desktop\\fathudives\\node_modules\\.bin\\tsserver.cmd',
35 silly reify   'C:\\Users\\User\\Desktop\\fathudives\\node_modules\\.bin\\tsserver.ps1'
35 silly reify ]
36 silly reify mark retired [
36 silly reify   'C:\\Users\\User\\Desktop\\fathudives\\node_modules\\tw-animate-css'
36 silly reify ]
37 silly reify mark retired [ 'C:\\Users\\User\\Desktop\\fathudives\\node_modules\\zod' ]
38 silly reify mark retired [ 'C:\\Users\\User\\Desktop\\fathudives\\node_modules\\tailwindcss' ]
39 silly reify mark retired [
39 silly reify   'C:\\Users\\User\\Desktop\\fathudives\\node_modules\\tailwind-merge'
39 silly reify ]
40 silly reify mark retired [
40 silly reify   'C:\\Users\\User\\Desktop\\fathudives\\node_modules\\@tailwindcss\\postcss'
40 silly reify ]
41 silly reify mark retired [
41 silly reify   'C:\\Users\\User\\Desktop\\fathudives\\node_modules\\@types\\react-dom'
41 silly reify ]
42 silly reify mark retired [ 'C:\\Users\\User\\Desktop\\fathudives\\node_modules\\@types\\react' ]
43 silly reify mark retired [
43 silly reify   'C:\\Users\\User\\Desktop\\fathudives\\node_modules\\@vercel\\analytics'
43 silly reify ]
44 silly reify moves {
44 silly reify   'C:\\Users\\User\\Desktop\\fathudives\\node_modules\\motion': 'C:\\Users\\User\\Desktop\\fathudives\\node_modules\\.motion-FoGYpmqz',
44 silly reify   'C:\\Users\\User\\Desktop\\fathudives\\node_modules\\lucide-react': 'C:\\Users\\User\\Desktop\\fathudives\\node_modules\\.lucide-react-nj0hH030',
44 silly reify   'C:\\Users\\User\\Desktop\\fathudives\\node_modules\\nodemailer': 'C:\\Users\\User\\Desktop\\fathudives\\node_modules\\.nodemailer-0UoHpmUe',
44 silly reify   'C:\\Users\\User\\Desktop\\fathudives\\node_modules\\shadcn': 'C:\\Users\\User\\Desktop\\fathudives\\node_modules\\.shadcn-nWflELVW',
44 silly reify   'C:\\Users\\User\\Desktop\\fathudives\\node_modules\\react-day-picker': 'C:\\Users\\User\\Desktop\\fathudives\\node_modules\\.react-day-picker-c7a11MqW',
44 silly reify   'C:\\Users\\User\\Desktop\\fathudives\\node_modules\\@base-ui\\react': 'C:\\Users\\User\\Desktop\\fathudives\\node_modules\\@base-ui\\.react-uVLizFiP',
44 silly reify   'C:\\Users\\User\\Desktop\\fathudives\\node_modules\\@supabase\\ssr': 'C:\\Users\\User\\Desktop\\fathudives\\node_modules\\@supabase\\.ssr-QHahoofU',
44 silly reify   'C:\\Users\\User\\Desktop\\fathudives\\node_modules\\@types\\node': 'C:\\Users\\User\\Desktop\\fathudives\\node_modules\\@types\\.node-iCe6YMOm',
44 silly reify   'C:\\Users\\User\\Desktop\\fathudives\\node_modules\\@types\\nodemailer': 'C:\\Users\\User\\Desktop\\fathudives\\node_modules\\@types\\.nodemailer-eXy4Cz16',
44 silly reify   'C:\\Users\\User\\Desktop\\fathudives\\node_modules\\@supabase\\supabase-js': 'C:\\Users\\User\\Desktop\\fathudives\\node_modules\\@supabase\\.supabase-js-neeP2ATW',
44 silly reify   'C:\\Users\\User\\Desktop\\fathudives\\node_modules\\class-variance-authority': 'C:\\Users\\User\\Desktop\\fathudives\\node_modules\\.class-variance-authority-sGjixTnl',
44 silly reify   'C:\\Users\\User\\Desktop\\fathudives\\node_modules\\clsx': 'C:\\Users\\User\\Desktop\\fathudives\\node_modules\\.clsx-Enw5kRok',
44 silly reify   'C:\\Users\\User\\Desktop\\fathudives\\node_modules\\date-fns': 'C:\\Users\\User\\Desktop\\fathudives\\node_modules\\.date-fns-N2LDQBF3',
44 silly reify   'C:\\Users\\User\\Desktop\\fathudives\\node_modules\\next': 'C:\\Users\\User\\Desktop\\fathudives\\node_modules\\.next-XB4n2JkK',
44 silly reify   'C:\\Users\\User\\Desktop\\fathudives\\node_modules\\.bin\\next': 'C:\\Users\\User\\Desktop\\fathudives\\node_modules\\.bin\\.next-MV6Yn5O0',
44 silly reify   'C:\\Users\\User\\Desktop\\fathudives\\node_modules\\.bin\\next.cmd': 'C:\\Users\\User\\Desktop\\fathudives\\node_modules\\.bin\\.next.cmd-Epf75ijL',
44 silly reify   'C:\\Users\\User\\Desktop\\fathudives\\node_modules\\.bin\\next.ps1': 'C:\\Users\\User\\Desktop\\fathudives\\node_modules\\.bin\\.next.ps1-3qi8SnS0',
44 silly reify   'C:\\Users\\User\\Desktop\\fathudives\\node_modules\\next-themes': 'C:\\Users\\User\\Desktop\\fathudives\\node_modules\\.next-themes-hNveuFSK',
44 silly reify   'C:\\Users\\User\\Desktop\\fathudives\\node_modules\\react-dom': 'C:\\Users\\User\\Desktop\\fathudives\\node_modules\\.react-dom-HUWTnEis',
44 silly reify   'C:\\Users\\User\\Desktop\\fathudives\\node_modules\\postcss': 'C:\\Users\\User\\Desktop\\fathudives\\node_modules\\.postcss-wep8tWiX',
44 silly reify   'C:\\Users\\User\\Desktop\\fathudives\\node_modules\\sonner': 'C:\\Users\\User\\Desktop\\fathudives\\node_modules\\.sonner-rX2cgdYH',
44 silly reify   'C:\\Users\\User\\Desktop\\fathudives\\node_modules\\react': 'C:\\Users\\User\\Desktop\\fathudives\\node_modules\\.react-fspNk29U',
44 silly reify   'C:\\Users\\User\\Desktop\\fathudives\\node_modules\\typescript': 'C:\\Users\\User\\Desktop\\fathudives\\node_modules\\.typescript-pjF0jbFl',
44 silly reify   'C:\\Users\\User\\Desktop\\fathudives\\node_modules\\.bin\\tsc': 'C:\\Users\\User\\Desktop\\fathudives\\node_modules\\.bin\\.tsc-RJ1Tg46S',
44 silly reify   'C:\\Users\\User\\Desktop\\fathudives\\node_modules\\.bin\\tsc.cmd': 'C:\\Users\\User\\Desktop\\fathudives\\node_modules\\.bin\\.tsc.cmd-ILrF2P0y',
44 silly reify   'C:\\Users\\User\\Desktop\\fathudives\\node_modules\\.bin\\tsc.ps1': 'C:\\Users\\User\\Desktop\\fathudives\\node_modules\\.bin\\.tsc.ps1-SWpR45JM',
44 silly reify   'C:\\Users\\User\\Desktop\\fathudives\\node_modules\\.bin\\tsserver': 'C:\\Users\\User\\Desktop\\fathudives\\node_modules\\.bin\\.tsserver-foyszNQr',
44 silly reify   'C:\\Users\\User\\Desktop\\fathudives\\node_modules\\.bin\\tsserver.cmd': 'C:\\Users\\User\\Desktop\\fathudives\\node_modules\\.bin\\.tsserver.cmd-gSBoSfny',
44 silly reify   'C:\\Users\\User\\Desktop\\fathudives\\node_modules\\.bin\\tsserver.ps1': 'C:\\Users\\User\\Desktop\\fathudives\\node_modules\\.bin\\.tsserver.ps1-l8KRBkeh',
44 silly reify   'C:\\Users\\User\\Desktop\\fathudives\\node_modules\\tw-animate-css': 'C:\\Users\\User\\Desktop\\fathudives\\node_modules\\.tw-animate-css-YxGtBh2u',
44 silly reify   'C:\\Users\\User\\Desktop\\fathudives\\node_modules\\zod': 'C:\\Users\\User\\Desktop\\fathudives\\node_modules\\.zod-7gb7lgTK',
44 silly reify   'C:\\Users\\User\\Desktop\\fathudives\\node_modules\\tailwindcss': 'C:\\Users\\User\\Desktop\\fathudives\\node_modules\\.tailwindcss-ynyrmQjG',
44 silly reify   'C:\\Users\\User\\Desktop\\fathudives\\node_modules\\tailwind-merge': 'C:\\Users\\User\\Desktop\\fathudives\\node_modules\\.tailwind-merge-z2OQau63',
44 silly reify   'C:\\Users\\User\\Desktop\\fathudives\\node_modules\\@tailwindcss\\postcss': 'C:\\Users\\User\\Desktop\\fathudives\\node_modules\\@tailwindcss\\.postcss-WAdfwdRj',
44 silly reify   'C:\\Users\\User\\Desktop\\fathudives\\node_modules\\@types\\react-dom': 'C:\\Users\\User\\Desktop\\fathudives\\node_modules\\@types\\.react-dom-kTDGi9od',
44 silly reify   'C:\\Users\\User\\Desktop\\fathudives\\node_modules\\@types\\react': 'C:\\Users\\User\\Desktop\\fathudives\\node_modules\\@types\\.react-x3DV764y',
44 silly reify   'C:\\Users\\User\\Desktop\\fathudives\\node_modules\\@vercel\\analytics': 'C:\\Users\\User\\Desktop\\fathudives\\node_modules\\@vercel\\.analytics-whblAtct'
44 silly reify }
45 http fetch GET https://registry.npmjs.org/npm attempt 2 failed with EACCES
46 verbose reify failed optional dependency C:\Users\User\Desktop\fathudives\node_modules\@tailwindcss\oxide-wasm32-wasi
47 silly reify mark deleted [
47 silly reify   'C:\\Users\\User\\Desktop\\fathudives\\node_modules\\@tailwindcss\\oxide-wasm32-wasi'
47 silly reify ]
48 silly audit bulk request {
48 silly audit   '@alloc/quick-lru': [ '5.2.0' ],
48 silly audit   '@babel/code-frame': [ '7.29.7' ],
48 silly audit   '@babel/compat-data': [ '7.29.7' ],
48 silly audit   '@babel/core': [ '7.29.7' ],
48 silly audit   '@babel/generator': [ '7.29.7' ],
48 silly audit   '@babel/helper-annotate-as-pure': [ '7.29.7' ],
48 silly audit   '@babel/helper-compilation-targets': [ '7.29.7' ],
48 silly audit   '@babel/helper-create-class-features-plugin': [ '7.29.7' ],
48 silly audit   '@babel/helper-globals': [ '7.29.7' ],
48 silly audit   '@babel/helper-member-expression-to-functions': [ '7.29.7' ],
48 silly audit   '@babel/helper-module-imports': [ '7.29.7' ],
48 silly audit   '@babel/helper-module-transforms': [ '7.29.7' ],
48 silly audit   '@babel/helper-optimise-call-expression': [ '7.29.7' ],
48 silly audit   '@babel/helper-plugin-utils': [ '7.29.7' ],
48 silly audit   '@babel/helper-replace-supers': [ '7.29.7' ],
48 silly audit   '@babel/helper-skip-transparent-expression-wrappers': [ '7.29.7' ],
48 silly audit   '@babel/helper-string-parser': [ '7.29.7' ],
48 silly audit   '@babel/helper-validator-identifier': [ '7.29.7' ],
48 silly audit   '@babel/helper-validator-option': [ '7.29.7' ],
48 silly audit   '@babel/helpers': [ '7.29.7' ],
48 silly audit   '@babel/parser': [ '7.29.7' ],
48 silly audit   '@babel/plugin-syntax-jsx': [ '7.29.7' ],
48 silly audit   '@babel/plugin-syntax-typescript': [ '7.29.7' ],
48 silly audit   '@babel/plugin-transform-modules-commonjs': [ '7.29.7' ],
48 silly audit   '@babel/plugin-transform-typescript': [ '7.29.7' ],
48 silly audit   '@babel/preset-typescript': [ '7.29.7' ],
48 silly audit   '@babel/runtime': [ '7.29.7' ],
48 silly audit   '@babel/template': [ '7.29.7' ],
48 silly audit   '@babel/traverse': [ '7.29.7' ],
48 silly audit   '@babel/types': [ '7.29.7' ],
48 silly audit   '@base-ui/react': [ '1.6.0' ],
48 silly audit   '@base-ui/utils': [ '0.3.1' ],
48 silly audit   '@date-fns/tz': [ '1.5.0' ],
48 silly audit   '@dotenvx/dotenvx': [ '1.75.1' ],
48 silly audit   commander: [ '11.1.0', '14.0.3' ],
48 silly audit   'define-lazy-prop': [ '2.0.0', '3.0.0' ],
48 silly audit   execa: [ '5.1.1', '9.6.1' ],
48 silly audit   'get-stream': [ '6.0.1', '9.0.1' ],
48 silly audit   'human-signals': [ '2.1.0', '8.0.1' ],
48 silly audit   'is-docker': [ '2.2.1', '3.0.0' ],
48 silly audit   'is-stream': [ '2.0.1', '4.0.1' ],
48 silly audit   'is-wsl': [ '2.2.0', '3.1.1' ],
48 silly audit   'npm-run-path': [ '4.0.1', '6.0.0' ],
48 silly audit   open: [ '8.4.2', '11.0.0' ],
48 silly audit   'signal-exit': [ '3.0.7', '4.1.0' ],
48 silly audit   'strip-final-newline': [ '2.0.0', '4.0.0' ],
48 silly audit   '@dotenvx/primitives': [ '0.8.0' ],
48 silly audit   '@emnapi/runtime': [ '1.11.2' ],
48 silly audit   '@floating-ui/core': [ '1.8.0' ],
48 silly audit   '@floating-ui/dom': [ '1.8.0' ],
48 silly audit   '@floating-ui/react-dom': [ '2.1.9' ],
48 silly audit   '@floating-ui/utils': [ '0.2.12' ],
48 silly audit   '@hono/node-server': [ '1.19.14' ],
48 silly audit   '@img/colour': [ '1.1.0' ],
48 silly audit   '@img/sharp-darwin-arm64': [ '0.34.5' ],
48 silly audit   '@img/sharp-darwin-x64': [ '0.34.5' ],
48 silly audit   '@img/sharp-libvips-darwin-arm64': [ '1.2.4' ],
48 silly audit   '@img/sharp-libvips-darwin-x64': [ '1.2.4' ],
48 silly audit   '@img/sharp-libvips-linux-arm': [ '1.2.4' ],
48 silly audit   '@img/sharp-libvips-linux-arm64': [ '1.2.4' ],
48 silly audit   '@img/sharp-libvips-linux-ppc64': [ '1.2.4' ],
48 silly audit   '@img/sharp-libvips-linux-riscv64': [ '1.2.4' ],
48 silly audit   '@img/sharp-libvips-linux-s390x': [ '1.2.4' ],
48 silly audit   '@img/sharp-libvips-linux-x64': [ '1.2.4' ],
48 silly audit   '@img/sharp-libvips-linuxmusl-arm64': [ '1.2.4' ],
48 silly audit   '@img/sharp-libvips-linuxmusl-x64': [ '1.2.4' ],
48 silly audit   '@img/sharp-linux-arm': [ '0.34.5' ],
48 silly audit   '@img/sharp-linux-arm64': [ '0.34.5' ],
48 silly audit   '@img/sharp-linux-ppc64': [ '0.34.5' ],
48 silly audit   '@img/sharp-linux-riscv64': [ '0.34.5' ],
48 silly audit   '@img/sharp-linux-s390x': [ '0.34.5' ],
48 silly audit   '@img/sharp-linux-x64': [ '0.34.5' ],
48 silly audit   '@img/sharp-linuxmusl-arm64': [ '0.34.5' ],
48 silly audit   '@img/sharp-linuxmusl-x64': [ '0.34.5' ],
48 silly audit   '@img/sharp-wasm32': [ '0.34.5' ],
48 silly audit   '@img/sharp-win32-arm64': [ '0.34.5' ],
48 silly audit   '@img/sharp-win32-ia32': [ '0.34.5' ],
48 silly audit   '@img/sharp-win32-x64': [ '0.34.5' ],
48 silly audit   '@jridgewell/gen-mapping': [ '0.3.13' ],
48 silly audit   '@jridgewell/remapping': [ '2.3.5' ],
48 silly audit   '@jridgewell/resolve-uri': [ '3.1.2' ],
48 silly audit   '@jridgewell/sourcemap-codec': [ '1.5.5' ],
48 silly audit   '@jridgewell/trace-mapping': [ '0.3.31' ],
48 silly audit   '@modelcontextprotocol/sdk': [ '1.29.0' ],
48 silly audit   '@next/env': [ '16.2.6' ],
48 silly audit   '@next/swc-darwin-arm64': [ '16.2.6' ],
48 silly audit   '@next/swc-darwin-x64': [ '16.2.6' ],
48 silly audit   '@next/swc-linux-arm64-gnu': [ '16.2.6' ],
48 silly audit   '@next/swc-linux-arm64-musl': [ '16.2.6' ],
48 silly audit   '@next/swc-linux-x64-gnu': [ '16.2.6' ],
48 silly audit   '@next/swc-linux-x64-musl': [ '16.2.6' ],
48 silly audit   '@next/swc-win32-arm64-msvc': [ '16.2.6' ],
48 silly audit   '@next/swc-win32-x64-msvc': [ '16.2.6' ],
48 silly audit   '@nodelib/fs.scandir': [ '2.1.5' ],
48 silly audit   '@nodelib/fs.stat': [ '2.0.5' ],
48 silly audit   '@nodelib/fs.walk': [ '1.2.8' ],
48 silly audit   '@sec-ant/readable-stream': [ '0.4.1' ],
48 silly audit   '@sindresorhus/merge-streams': [ '4.0.0' ],
48 silly audit   '@supabase/auth-js': [ '2.110.6' ],
48 silly audit   '@supabase/functions-js': [ '2.110.6' ],
48 silly audit   '@supabase/phoenix': [ '0.4.4' ],
48 silly audit   '@supabase/postgrest-js': [ '2.110.6' ],
48 silly audit   '@supabase/realtime-js': [ '2.110.6' ],
48 silly audit   '@supabase/ssr': [ '0.12.3' ],
48 silly audit   '@supabase/storage-js': [ '2.110.6' ],
48 silly audit   '@supabase/supabase-js': [ '2.110.6' ],
48 silly audit   '@swc/helpers': [ '0.5.15' ],
48 silly audit   '@tailwindcss/node': [ '4.3.2' ],
48 silly audit   '@tailwindcss/oxide': [ '4.3.2' ],
48 silly audit   '@tailwindcss/oxide-android-arm64': [ '4.3.2' ],
48 silly audit   '@tailwindcss/oxide-darwin-arm64': [ '4.3.2' ],
48 silly audit   '@tailwindcss/oxide-darwin-x64': [ '4.3.2' ],
48 silly audit   '@tailwindcss/oxide-freebsd-x64': [ '4.3.2' ],
48 silly audit   '@tailwindcss/oxide-linux-arm-gnueabihf': [ '4.3.2' ],
48 silly audit   '@tailwindcss/oxide-linux-arm64-gnu': [ '4.3.2' ],
48 silly audit   '@tailwindcss/oxide-linux-arm64-musl': [ '4.3.2' ],
48 silly audit   '@tailwindcss/oxide-linux-x64-gnu': [ '4.3.2' ],
48 silly audit   '@tailwindcss/oxide-linux-x64-musl': [ '4.3.2' ],
48 silly audit   '@tailwindcss/oxide-win32-arm64-msvc': [ '4.3.2' ],
48 silly audit   '@tailwindcss/oxide-win32-x64-msvc': [ '4.3.2' ],
48 silly audit   '@tailwindcss/postcss': [ '4.3.2' ],
48 silly audit   '@ts-morph/common': [ '0.27.0' ],
48 silly audit   '@types/node': [ '24.13.3' ],
48 silly audit   '@types/nodemailer': [ '8.0.1' ],
48 silly audit   '@types/react': [ '19.2.17' ],
48 silly audit   '@types/react-dom': [ '19.2.3' ],
48 silly audit   '@types/validate-npm-package-name': [ '4.0.2' ],
48 silly audit   '@vercel/analytics': [ '1.6.1' ],
48 silly audit   accepts: [ '2.0.0' ],
48 silly audit   ajv: [ '8.20.0' ],
48 silly audit   'ajv-formats': [ '3.0.1', '2.1.1' ],
48 silly audit   'ansi-colors': [ '4.1.3' ],
48 silly audit   'ansi-regex': [ '5.0.1', '6.2.2' ],
48 silly audit   argparse: [ '2.0.1' ],
48 silly audit   'ast-types': [ '0.16.1' ],
48 silly audit   atomically: [ '1.7.0' ],
48 silly audit   'balanced-match': [ '4.0.4' ],
48 silly audit   'baseline-browser-mapping': [ '2.10.43' ],
48 silly audit   'body-parser': [ '2.3.0' ],
48 silly audit   'content-type': [ '2.0.0', '1.0.5' ],
48 silly audit   'brace-expansion': [ '5.0.7' ],
48 silly audit   braces: [ '3.0.3' ],
48 silly audit   browserslist: [ '4.28.6' ],
48 silly audit   'bundle-name': [ '4.1.0' ],
48 silly audit   bytes: [ '3.1.2' ],
48 silly audit   'call-bind-apply-helpers': [ '1.0.2' ],
48 silly audit   'call-bound': [ '1.0.4' ],
48 silly audit   callsites: [ '3.1.0' ],
48 silly audit   'caniuse-lite': [ '1.0.30001805' ],
48 silly audit   chalk: [ '5.6.2' ],
48 silly audit   'class-variance-authority': [ '0.7.1' ],
48 silly audit   'cli-cursor': [ '5.0.0' ],
48 silly audit   'cli-spinners': [ '2.9.2' ],
48 silly audit   'client-only': [ '0.0.1' ],
48 silly audit   clsx: [ '2.1.1' ],
48 silly audit   'code-block-writer': [ '13.0.3' ],
48 silly audit   conf: [ '10.2.0' ],
48 silly audit   'json-schema-typed': [ '7.0.3', '8.0.2' ],
48 silly audit   semver: [ '7.8.5', '6.3.1' ],
48 silly audit   'content-disposition': [ '1.1.0' ],
48 silly audit   'convert-source-map': [ '2.0.0' ],
48 silly audit   cookie: [ '1.1.1', '0.7.2' ],
48 silly audit   'cookie-signature': [ '1.2.2' ],
48 silly audit   cors: [ '2.8.6' ],
48 silly audit   cosmiconfig: [ '9.0.2' ],
48 silly audit   'cross-spawn': [ '7.0.6' ],
48 silly audit   isexe: [ '2.0.0', '3.1.5' ],
48 silly audit   which: [ '2.0.2', '4.0.0' ],
48 silly audit   cssesc: [ '3.0.0' ],
48 silly audit   csstype: [ '3.2.3' ],
48 silly audit   'date-fns': [ '4.4.0' ],
48 silly audit   'debounce-fn': [ '4.0.0' ],
48 silly audit   debug: [ '4.4.3' ],
48 silly audit   dedent: [ '1.7.2' ],
48 silly audit   deepmerge: [ '4.3.1' ],
48 silly audit   'default-browser': [ '5.5.0' ],
48 silly audit   'default-browser-id': [ '5.0.1' ],
48 silly audit   depd: [ '2.0.0' ],
48 silly audit   'detect-libc': [ '2.1.2' ],
48 silly audit   diff: [ '8.0.4' ],
48 silly audit   'dot-prop': [ '6.0.1' ],
48 silly audit   dotenv: [ '17.4.2' ],
48 silly audit   'dunder-proto': [ '1.0.1' ],
48 silly audit   'ee-first': [ '1.1.1' ],
48 silly audit   'electron-to-chromium': [ '1.5.392' ],
48 silly audit   'emoji-regex': [ '10.6.0' ],
48 silly audit   encodeurl: [ '2.0.0' ],
48 silly audit   'enhanced-resolve': [ '5.21.6' ],
48 silly audit   enquirer: [ '2.4.1' ],
48 silly audit   'env-paths': [ '2.2.1' ],
48 silly audit   'error-ex': [ '1.3.4' ],
48 silly audit   'es-define-property': [ '1.0.1' ],
48 silly audit   'es-errors': [ '1.3.0' ],
48 silly audit   'es-object-atoms': [ '1.1.2' ],
48 silly audit   escalade: [ '3.2.0' ],
48 silly audit   'escape-html': [ '1.0.3' ],
48 silly audit   esprima: [ '4.0.1' ],
48 silly audit   etag: [ '1.8.1' ],
48 silly audit   eventsource: [ '3.0.7' ],
48 silly audit   'eventsource-parser': [ '3.1.0' ],
48 silly audit   express: [ '5.2.1' ],
48 silly audit   'express-rate-limit': [ '8.5.2' ],
48 silly audit   'fast-deep-equal': [ '3.1.3' ],
48 silly audit   'fast-glob': [ '3.3.3' ],
48 silly audit   'fast-uri': [ '3.1.3' ],
48 silly audit   fastq: [ '1.20.1' ],
48 silly audit   fdir: [ '6.5.0' ],
48 silly audit   figures: [ '6.1.0' ],
48 silly audit   'fill-range': [ '7.1.1' ],
48 silly audit   finalhandler: [ '2.1.1' ],
48 silly audit   'find-up': [ '3.0.0' ],
48 silly audit   forwarded: [ '0.2.0' ],
48 silly audit   'framer-motion': [ '12.42.2' ],
48 silly audit   fresh: [ '2.0.0' ],
48 silly audit   'fs-extra': [ '11.3.6' ],
48 silly audit   'function-bind': [ '1.1.2' ],
48 silly audit   fuzzysort: [ '3.1.0' ],
48 silly audit   gensync: [ '1.0.0-beta.2' ],
48 silly audit   'get-east-asian-width': [ '1.6.0' ],
48 silly audit   'get-intrinsic': [ '1.3.0' ],
48 silly audit   'get-own-enumerable-keys': [ '1.0.0' ],
48 silly audit   'get-proto': [ '1.0.1' ],
48 silly audit   'glob-parent': [ '5.1.2' ],
48 silly audit   gopd: [ '1.2.0' ],
48 silly audit   'graceful-fs': [ '4.2.11' ],
48 silly audit   'has-symbols': [ '1.1.0' ],
48 silly audit   hasown: [ '2.0.4' ],
48 silly audit   hono: [ '4.12.30' ],
48 silly audit   'http-errors': [ '2.0.1' ],
48 silly audit   'iceberg-js': [ '0.8.1' ],
48 silly audit   'iconv-lite': [ '0.7.3' ],
48 silly audit   ignore: [ '5.3.2' ],
48 silly audit   'import-fresh': [ '3.3.1' ],
48 silly audit   inherits: [ '2.0.4' ],
48 silly audit   'ip-address': [ '10.2.0' ],
48 silly audit   'ipaddr.js': [ '1.9.1' ],
48 silly audit   'is-arrayish': [ '0.2.1' ],
48 silly audit   'is-extglob': [ '2.1.1' ],
48 silly audit   'is-glob': [ '4.0.3' ],
48 silly audit   'is-in-ssh': [ '1.0.0' ],
48 silly audit   'is-inside-container': [ '1.0.0' ],
48 silly audit   'is-interactive': [ '2.0.0' ],
48 silly audit   'is-number': [ '7.0.0' ],
48 silly audit   'is-obj': [ '2.0.0', '3.0.0' ],
48 silly audit   'is-plain-obj': [ '4.1.0' ],
48 silly audit   'is-promise': [ '4.0.0' ],
48 silly audit   'is-regexp': [ '3.1.0' ],
48 silly audit   'is-unicode-supported': [ '2.1.0', '1.3.0' ],
48 silly audit   jiti: [ '2.7.0' ],
48 silly audit   jose: [ '6.2.3' ],
48 silly audit   'js-tokens': [ '4.0.0' ],
48 silly audit   'js-yaml': [ '4.3.0' ],
48 silly audit   jsesc: [ '3.1.0' ],
48 silly audit   'json-parse-even-better-errors': [ '2.3.1' ],
48 silly audit   'json-schema-traverse': [ '1.0.0' ],
48 silly audit   json5: [ '2.2.3' ],
48 silly audit   jsonfile: [ '6.2.1' ],
48 silly audit   kleur: [ '4.1.5', '3.0.3' ],
48 silly audit   lightningcss: [ '1.32.0' ],
48 silly audit   'lightningcss-android-arm64': [ '1.32.0' ],
48 silly audit   'lightningcss-darwin-arm64': [ '1.32.0' ],
48 silly audit   'lightningcss-darwin-x64': [ '1.32.0' ],
48 silly audit   'lightningcss-freebsd-x64': [ '1.32.0' ],
48 silly audit   'lightningcss-linux-arm-gnueabihf': [ '1.32.0' ],
48 silly audit   'lightningcss-linux-arm64-gnu': [ '1.32.0' ],
48 silly audit   'lightningcss-linux-arm64-musl': [ '1.32.0' ],
48 silly audit   'lightningcss-linux-x64-gnu': [ '1.32.0' ],
48 silly audit   'lightningcss-linux-x64-musl': [ '1.32.0' ],
48 silly audit   'lightningcss-win32-arm64-msvc': [ '1.32.0' ],
48 silly audit   'lightningcss-win32-x64-msvc': [ '1.32.0' ],
48 silly audit   'lines-and-columns': [ '1.2.4' ],
48 silly audit   'locate-path': [ '3.0.0' ],
48 silly audit   'log-symbols': [ '6.0.0' ],
48 silly audit   'lru-cache': [ '5.1.1' ],
48 silly audit   'lucide-react': [ '1.24.0' ],
48 silly audit   'magic-string': [ '0.30.21' ],
48 silly audit   'math-intrinsics': [ '1.1.0' ],
48 silly audit   'media-typer': [ '1.1.0' ],
48 silly audit   'merge-descriptors': [ '2.0.0' ],
48 silly audit   'merge-stream': [ '2.0.0' ],
48 silly audit   merge2: [ '1.4.1' ],
48 silly audit   micromatch: [ '4.0.8' ],
48 silly audit   picomatch: [ '2.3.2', '4.0.5' ],
48 silly audit   'mime-db': [ '1.54.0' ],
48 silly audit   'mime-types': [ '3.0.2' ],
48 silly audit   'mimic-fn': [ '3.1.0', '2.1.0' ],
48 silly audit   'mimic-function': [ '5.0.1' ],
48 silly audit   minimatch: [ '10.2.5' ],
48 silly audit   minimist: [ '1.2.8' ],
48 silly audit   motion: [ '12.42.2' ],
48 silly audit   'motion-dom': [ '12.42.2' ],
48 silly audit   'motion-utils': [ '12.39.0' ],
48 silly audit   ms: [ '2.1.3' ],
48 silly audit   nanoid: [ '3.3.16' ],
48 silly audit   negotiator: [ '1.0.0' ],
48 silly audit   next: [ '16.2.6' ],
48 silly audit   'next-themes': [ '0.4.6' ],
48 silly audit   postcss: [ '8.4.31', '8.5.19' ],
48 silly audit   'node-releases': [ '2.0.51' ],
48 silly audit   nodemailer: [ '9.0.4' ],
48 silly audit   'path-key': [ '4.0.0', '3.1.1' ],
48 silly audit   'object-assign': [ '4.1.1' ],
48 silly audit   'object-inspect': [ '1.13.4' ],
48 silly audit   'object-treeify': [ '1.1.33' ],
48 silly audit   'on-finished': [ '2.4.1' ],
48 silly audit   once: [ '1.4.0' ],
48 silly audit   onetime: [ '5.1.2', '7.0.0' ],
48 silly audit   ora: [ '8.2.0' ],
48 silly audit   'strip-ansi': [ '7.2.0', '6.0.1' ],
48 silly audit   'p-limit': [ '2.3.0' ],
48 silly audit   'p-locate': [ '3.0.0' ],
48 silly audit   'p-try': [ '2.2.0' ],
48 silly audit   'parent-module': [ '1.0.1' ],
48 silly audit   'parse-json': [ '5.2.0' ],
48 silly audit   'parse-ms': [ '4.0.0' ],
48 silly audit   parseurl: [ '1.3.3' ],
48 silly audit   'path-browserify': [ '1.0.1' ],
48 silly audit   'path-exists': [ '3.0.0' ],
48 silly audit   'path-to-regexp': [ '8.4.2' ],
48 silly audit   picocolors: [ '1.1.1' ],
48 silly audit   'pkce-challenge': [ '5.0.1' ],
48 silly audit   'pkg-up': [ '3.1.0' ],
48 silly audit   'postcss-selector-parser': [ '7.1.4' ],
48 silly audit   'powershell-utils': [ '0.1.0' ],
48 silly audit   'pretty-ms': [ '9.3.0' ],
48 silly audit   prompts: [ '2.4.2' ],
48 silly audit   'proxy-addr': [ '2.0.7' ],
48 silly audit   qs: [ '6.15.3' ],
48 silly audit   'queue-microtask': [ '1.2.3' ],
48 silly audit   'range-parser': [ '1.3.0' ],
48 silly audit   'raw-body': [ '3.0.2' ],
48 silly audit   react: [ '19.2.7' ],
48 silly audit   'react-day-picker': [ '10.0.1' ],
48 silly audit   'react-dom': [ '19.2.7' ],
48 silly audit   recast: [ '0.23.12' ],
48 silly audit   'require-from-string': [ '2.0.2' ],
48 silly audit   reselect: [ '5.2.0' ],
48 silly audit   'resolve-from': [ '4.0.0' ],
48 silly audit   'restore-cursor': [ '5.1.0' ],
48 silly audit   reusify: [ '1.1.0' ],
48 silly audit   router: [ '2.2.0' ],
48 silly audit   'run-applescript': [ '7.1.0' ],
48 silly audit   'run-parallel': [ '1.2.0' ],
48 silly audit   'safer-buffer': [ '2.1.2' ],
48 silly audit   scheduler: [ '0.27.0' ],
48 silly audit   send: [ '1.2.1' ],
48 silly audit   'serve-static': [ '2.2.1' ],
48 silly audit   setprototypeof: [ '1.2.0' ],
48 silly audit   shadcn: [ '4.13.0' ],
48 silly audit   zod: [ '3.25.76', '4.4.3' ],
48 silly audit   sharp: [ '0.34.5' ],
48 silly audit   'shebang-command': [ '2.0.0' ],
48 silly audit   'shebang-regex': [ '3.0.0' ],
48 silly audit   'side-channel': [ '1.1.1' ],
48 silly audit   'side-channel-list': [ '1.0.1' ],
48 silly audit   'side-channel-map': [ '1.0.1' ],
48 silly audit   'side-channel-weakmap': [ '1.0.2' ],
48 silly audit   sisteransi: [ '1.0.5' ],
48 silly audit   sonner: [ '2.0.7' ],
48 silly audit   'source-map': [ '0.6.1' ],
48 silly audit   'source-map-js': [ '1.2.1' ],
48 silly audit   statuses: [ '2.0.2' ],
48 silly audit   'stdin-discarder': [ '0.2.2' ],
48 silly audit   'string-width': [ '7.2.0' ],
48 silly audit   'stringify-object': [ '5.0.0' ],
48 silly audit   'strip-bom': [ '3.0.0' ],
48 silly audit   'styled-jsx': [ '5.1.6' ],
48 silly audit   systeminformation: [ '5.31.17' ],
48 silly audit   'tailwind-merge': [ '3.6.0' ],
48 silly audit   tailwindcss: [ '4.3.2' ],
48 silly audit   tapable: [ '2.3.3' ],
48 silly audit   'tiny-invariant': [ '1.3.3' ],
48 silly audit   'to-regex-range': [ '5.0.1' ],
48 silly audit   toidentifier: [ '1.0.1' ],
48 silly audit   'ts-morph': [ '26.0.0' ],
48 silly audit   'tsconfig-paths': [ '4.2.0' ],
48 silly audit   tslib: [ '2.8.1' ],
48 silly audit   'tw-animate-css': [ '1.4.0' ],
48 silly audit   'type-is': [ '2.1.0' ],
48 silly audit   typescript: [ '5.7.3' ],
48 silly audit   undici: [ '7.28.0' ],
48 silly audit   'undici-types': [ '7.18.2' ],
48 silly audit   'unicorn-magic': [ '0.3.0' ],
48 silly audit   universalify: [ '2.0.1' ],
48 silly audit   unpipe: [ '1.0.0' ],
48 silly audit   'update-browserslist-db': [ '1.2.3' ],
48 silly audit   'use-sync-external-store': [ '1.6.0' ],
48 silly audit   'util-deprecate': [ '1.0.2' ],
48 silly audit   'validate-npm-package-name': [ '7.0.2' ],
48 silly audit   vary: [ '1.1.2' ],
48 silly audit   wrappy: [ '1.0.2' ],
48 silly audit   'wsl-utils': [ '0.3.1' ],
48 silly audit   yallist: [ '3.1.1' ],
48 silly audit   'yocto-spinner': [ '1.2.1' ],
48 silly audit   yoctocolors: [ '2.1.2' ],
48 silly audit   'zod-to-json-schema': [ '3.25.2' ],
48 silly audit   '@tailwindcss/oxide-wasm32-wasi': [ '4.3.2' ]
48 silly audit }
49 verbose reify failed optional dependency C:\Users\User\Desktop\fathudives\node_modules\lightningcss-win32-arm64-msvc
50 silly reify mark deleted [
50 silly reify   'C:\\Users\\User\\Desktop\\fathudives\\node_modules\\lightningcss-win32-arm64-msvc'
50 silly reify ]
51 verbose reify failed optional dependency C:\Users\User\Desktop\fathudives\node_modules\lightningcss-linux-x64-musl
52 silly reify mark deleted [
52 silly reify   'C:\\Users\\User\\Desktop\\fathudives\\node_modules\\lightningcss-linux-x64-musl'
52 silly reify ]
53 verbose reify failed optional dependency C:\Users\User\Desktop\fathudives\node_modules\lightningcss-linux-x64-gnu
54 silly reify mark deleted [
54 silly reify   'C:\\Users\\User\\Desktop\\fathudives\\node_modules\\lightningcss-linux-x64-gnu'
54 silly reify ]
55 verbose reify failed optional dependency C:\Users\User\Desktop\fathudives\node_modules\lightningcss-linux-arm64-musl
56 silly reify mark deleted [
56 silly reify   'C:\\Users\\User\\Desktop\\fathudives\\node_modules\\lightningcss-linux-arm64-musl'
56 silly reify ]
57 verbose reify failed optional dependency C:\Users\User\Desktop\fathudives\node_modules\lightningcss-linux-arm64-gnu
58 silly reify mark deleted [
58 silly reify   'C:\\Users\\User\\Desktop\\fathudives\\node_modules\\lightningcss-linux-arm64-gnu'
58 silly reify ]
59 verbose reify failed optional dependency C:\Users\User\Desktop\fathudives\node_modules\lightningcss-linux-arm-gnueabihf
60 silly reify mark deleted [
60 silly reify   'C:\\Users\\User\\Desktop\\fathudives\\node_modules\\lightningcss-linux-arm-gnueabihf'
60 silly reify ]
61 verbose reify failed optional dependency C:\Users\User\Desktop\fathudives\node_modules\lightningcss-freebsd-x64
62 silly reify mark deleted [
62 silly reify   'C:\\Users\\User\\Desktop\\fathudives\\node_modules\\lightningcss-freebsd-x64'
62 silly reify ]
63 verbose reify failed optional dependency C:\Users\User\Desktop\fathudives\node_modules\lightningcss-darwin-x64
64 silly reify mark deleted [
64 silly reify   'C:\\Users\\User\\Desktop\\fathudives\\node_modules\\lightningcss-darwin-x64'
64 silly reify ]
65 verbose reify failed optional dependency C:\Users\User\Desktop\fathudives\node_modules\lightningcss-darwin-arm64
66 silly reify mark deleted [
66 silly reify   'C:\\Users\\User\\Desktop\\fathudives\\node_modules\\lightningcss-darwin-arm64'
66 silly reify ]
67 verbose reify failed optional dependency C:\Users\User\Desktop\fathudives\node_modules\lightningcss-android-arm64
68 silly reify mark deleted [
68 silly reify   'C:\\Users\\User\\Desktop\\fathudives\\node_modules\\lightningcss-android-arm64'
68 silly reify ]
69 verbose reify failed optional dependency C:\Users\User\Desktop\fathudives\node_modules\@tailwindcss\oxide-win32-arm64-msvc
70 silly reify mark deleted [
70 silly reify   'C:\\Users\\User\\Desktop\\fathudives\\node_modules\\@tailwindcss\\oxide-win32-arm64-msvc'
70 silly reify ]
71 verbose reify failed optional dependency C:\Users\User\Desktop\fathudives\node_modules\@tailwindcss\oxide-linux-x64-musl
72 silly reify mark deleted [
72 silly reify   'C:\\Users\\User\\Desktop\\fathudives\\node_modules\\@tailwindcss\\oxide-linux-x64-musl'
72 silly reify ]
73 verbose reify failed optional dependency C:\Users\User\Desktop\fathudives\node_modules\@tailwindcss\oxide-linux-x64-gnu
74 silly reify mark deleted [
74 silly reify   'C:\\Users\\User\\Desktop\\fathudives\\node_modules\\@tailwindcss\\oxide-linux-x64-gnu'
74 silly reify ]
75 verbose reify failed optional dependency C:\Users\User\Desktop\fathudives\node_modules\@tailwindcss\oxide-linux-arm64-musl
76 silly reify mark deleted [
76 silly reify   'C:\\Users\\User\\Desktop\\fathudives\\node_modules\\@tailwindcss\\oxide-linux-arm64-musl'
76 silly reify ]
77 verbose reify failed optional dependency C:\Users\User\Desktop\fathudives\node_modules\@tailwindcss\oxide-linux-arm64-gnu
78 silly reify mark deleted [
78 silly reify   'C:\\Users\\User\\Desktop\\fathudives\\node_modules\\@tailwindcss\\oxide-linux-arm64-gnu'
78 silly reify ]
79 verbose reify failed optional dependency C:\Users\User\Desktop\fathudives\node_modules\@tailwindcss\oxide-linux-arm-gnueabihf
80 silly reify mark deleted [
80 silly reify   'C:\\Users\\User\\Desktop\\fathudives\\node_modules\\@tailwindcss\\oxide-linux-arm-gnueabihf'
80 silly reify ]
81 verbose reify failed optional dependency C:\Users\User\Desktop\fathudives\node_modules\@tailwindcss\oxide-freebsd-x64
82 silly reify mark deleted [
82 silly reify   'C:\\Users\\User\\Desktop\\fathudives\\node_modules\\@tailwindcss\\oxide-freebsd-x64'
82 silly reify ]
83 verbose reify failed optional dependency C:\Users\User\Desktop\fathudives\node_modules\@tailwindcss\oxide-darwin-x64
84 silly reify mark deleted [
84 silly reify   'C:\\Users\\User\\Desktop\\fathudives\\node_modules\\@tailwindcss\\oxide-darwin-x64'
84 silly reify ]
85 verbose reify failed optional dependency C:\Users\User\Desktop\fathudives\node_modules\@tailwindcss\oxide-darwin-arm64
86 silly reify mark deleted [
86 silly reify   'C:\\Users\\User\\Desktop\\fathudives\\node_modules\\@tailwindcss\\oxide-darwin-arm64'
86 silly reify ]
87 verbose reify failed optional dependency C:\Users\User\Desktop\fathudives\node_modules\@tailwindcss\oxide-android-arm64
88 silly reify mark deleted [
88 silly reify   'C:\\Users\\User\\Desktop\\fathudives\\node_modules\\@tailwindcss\\oxide-android-arm64'
88 silly reify ]
89 verbose reify failed optional dependency C:\Users\User\Desktop\fathudives\node_modules\@next\swc-win32-arm64-msvc
90 silly reify mark deleted [
90 silly reify   'C:\\Users\\User\\Desktop\\fathudives\\node_modules\\@next\\swc-win32-arm64-msvc'
90 silly reify ]
91 verbose reify failed optional dependency C:\Users\User\Desktop\fathudives\node_modules\@next\swc-linux-x64-musl
92 silly reify mark deleted [
92 silly reify   'C:\\Users\\User\\Desktop\\fathudives\\node_modules\\@next\\swc-linux-x64-musl'
92 silly reify ]
93 verbose reify failed optional dependency C:\Users\User\Desktop\fathudives\node_modules\@next\swc-linux-x64-gnu
94 silly reify mark deleted [
94 silly reify   'C:\\Users\\User\\Desktop\\fathudives\\node_modules\\@next\\swc-linux-x64-gnu'
94 silly reify ]
95 verbose reify failed optional dependency C:\Users\User\Desktop\fathudives\node_modules\@next\swc-linux-arm64-musl
96 silly reify mark deleted [
96 silly reify   'C:\\Users\\User\\Desktop\\fathudives\\node_modules\\@next\\swc-linux-arm64-musl'
96 silly reify ]
97 verbose reify failed optional dependency C:\Users\User\Desktop\fathudives\node_modules\@next\swc-linux-arm64-gnu
98 silly reify mark deleted [
98 silly reify   'C:\\Users\\User\\Desktop\\fathudives\\node_modules\\@next\\swc-linux-arm64-gnu'
98 silly reify ]
99 verbose reify failed optional dependency C:\Users\User\Desktop\fathudives\node_modules\@next\swc-darwin-x64
100 silly reify mark deleted [
100 silly reify   'C:\\Users\\User\\Desktop\\fathudives\\node_modules\\@next\\swc-darwin-x64'
100 silly reify ]
101 verbose reify failed optional dependency C:\Users\User\Desktop\fathudives\node_modules\@next\swc-darwin-arm64
102 silly reify mark deleted [
102 silly reify   'C:\\Users\\User\\Desktop\\fathudives\\node_modules\\@next\\swc-darwin-arm64'
102 silly reify ]
103 verbose reify failed optional dependency C:\Users\User\Desktop\fathudives\node_modules\@img\sharp-win32-ia32
104 silly reify mark deleted [
104 silly reify   'C:\\Users\\User\\Desktop\\fathudives\\node_modules\\@img\\sharp-win32-ia32'
104 silly reify ]
105 verbose reify failed optional dependency C:\Users\User\Desktop\fathudives\node_modules\@img\sharp-win32-arm64
106 silly reify mark deleted [
106 silly reify   'C:\\Users\\User\\Desktop\\fathudives\\node_modules\\@img\\sharp-win32-arm64'
106 silly reify ]
107 verbose reify failed optional dependency C:\Users\User\Desktop\fathudives\node_modules\@img\sharp-wasm32
108 silly reify mark deleted [
108 silly reify   'C:\\Users\\User\\Desktop\\fathudives\\node_modules\\@img\\sharp-wasm32'
108 silly reify ]
109 verbose reify failed optional dependency C:\Users\User\Desktop\fathudives\node_modules\@img\sharp-linuxmusl-x64
110 silly reify mark deleted [
110 silly reify   'C:\\Users\\User\\Desktop\\fathudives\\node_modules\\@img\\sharp-linuxmusl-x64'
110 silly reify ]
111 verbose reify failed optional dependency C:\Users\User\Desktop\fathudives\node_modules\@img\sharp-linuxmusl-arm64
112 silly reify mark deleted [
112 silly reify   'C:\\Users\\User\\Desktop\\fathudives\\node_modules\\@img\\sharp-linuxmusl-arm64'
112 silly reify ]
113 verbose reify failed optional dependency C:\Users\User\Desktop\fathudives\node_modules\@img\sharp-linux-x64
114 silly reify mark deleted [
114 silly reify   'C:\\Users\\User\\Desktop\\fathudives\\node_modules\\@img\\sharp-linux-x64'
114 silly reify ]
115 verbose reify failed optional dependency C:\Users\User\Desktop\fathudives\node_modules\@img\sharp-linux-s390x
116 silly reify mark deleted [
116 silly reify   'C:\\Users\\User\\Desktop\\fathudives\\node_modules\\@img\\sharp-linux-s390x'
116 silly reify ]
117 verbose reify failed optional dependency C:\Users\User\Desktop\fathudives\node_modules\@img\sharp-linux-riscv64
118 silly reify mark deleted [
118 silly reify   'C:\\Users\\User\\Desktop\\fathudives\\node_modules\\@img\\sharp-linux-riscv64'
118 silly reify ]
119 verbose reify failed optional dependency C:\Users\User\Desktop\fathudives\node_modules\@img\sharp-linux-ppc64
120 silly reify mark deleted [
120 silly reify   'C:\\Users\\User\\Desktop\\fathudives\\node_modules\\@img\\sharp-linux-ppc64'
120 silly reify ]
121 verbose reify failed optional dependency C:\Users\User\Desktop\fathudives\node_modules\@img\sharp-linux-arm64
122 silly reify mark deleted [
122 silly reify   'C:\\Users\\User\\Desktop\\fathudives\\node_modules\\@img\\sharp-linux-arm64'
122 silly reify ]
123 verbose reify failed optional dependency C:\Users\User\Desktop\fathudives\node_modules\@img\sharp-linux-arm
124 silly reify mark deleted [
124 silly reify   'C:\\Users\\User\\Desktop\\fathudives\\node_modules\\@img\\sharp-linux-arm'
124 silly reify ]
125 verbose reify failed optional dependency C:\Users\User\Desktop\fathudives\node_modules\@img\sharp-libvips-linuxmusl-x64
126 silly reify mark deleted [
126 silly reify   'C:\\Users\\User\\Desktop\\fathudives\\node_modules\\@img\\sharp-libvips-linuxmusl-x64'
126 silly reify ]
127 verbose reify failed optional dependency C:\Users\User\Desktop\fathudives\node_modules\@img\sharp-libvips-linuxmusl-arm64
128 silly reify mark deleted [
128 silly reify   'C:\\Users\\User\\Desktop\\fathudives\\node_modules\\@img\\sharp-libvips-linuxmusl-arm64'
128 silly reify ]
129 verbose reify failed optional dependency C:\Users\User\Desktop\fathudives\node_modules\@img\sharp-libvips-linux-x64
130 silly reify mark deleted [
130 silly reify   'C:\\Users\\User\\Desktop\\fathudives\\node_modules\\@img\\sharp-libvips-linux-x64'
130 silly reify ]
131 verbose reify failed optional dependency C:\Users\User\Desktop\fathudives\node_modules\@img\sharp-libvips-linux-s390x
132 silly reify mark deleted [
132 silly reify   'C:\\Users\\User\\Desktop\\fathudives\\node_modules\\@img\\sharp-libvips-linux-s390x'
132 silly reify ]
133 verbose reify failed optional dependency C:\Users\User\Desktop\fathudives\node_modules\@img\sharp-libvips-linux-riscv64
134 silly reify mark deleted [
134 silly reify   'C:\\Users\\User\\Desktop\\fathudives\\node_modules\\@img\\sharp-libvips-linux-riscv64'
134 silly reify ]
135 verbose reify failed optional dependency C:\Users\User\Desktop\fathudives\node_modules\@img\sharp-libvips-linux-ppc64
136 silly reify mark deleted [
136 silly reify   'C:\\Users\\User\\Desktop\\fathudives\\node_modules\\@img\\sharp-libvips-linux-ppc64'
136 silly reify ]
137 verbose reify failed optional dependency C:\Users\User\Desktop\fathudives\node_modules\@img\sharp-libvips-linux-arm64
138 silly reify mark deleted [
138 silly reify   'C:\\Users\\User\\Desktop\\fathudives\\node_modules\\@img\\sharp-libvips-linux-arm64'
138 silly reify ]
139 verbose reify failed optional dependency C:\Users\User\Desktop\fathudives\node_modules\@img\sharp-libvips-linux-arm
140 silly reify mark deleted [
140 silly reify   'C:\\Users\\User\\Desktop\\fathudives\\node_modules\\@img\\sharp-libvips-linux-arm'
140 silly reify ]
141 verbose reify failed optional dependency C:\Users\User\Desktop\fathudives\node_modules\@img\sharp-libvips-darwin-x64
142 silly reify mark deleted [
142 silly reify   'C:\\Users\\User\\Desktop\\fathudives\\node_modules\\@img\\sharp-libvips-darwin-x64'
142 silly reify ]
143 verbose reify failed optional dependency C:\Users\User\Desktop\fathudives\node_modules\@img\sharp-libvips-darwin-arm64
144 silly reify mark deleted [
144 silly reify   'C:\\Users\\User\\Desktop\\fathudives\\node_modules\\@img\\sharp-libvips-darwin-arm64'
144 silly reify ]
145 verbose reify failed optional dependency C:\Users\User\Desktop\fathudives\node_modules\@img\sharp-darwin-x64
146 silly reify mark deleted [
146 silly reify   'C:\\Users\\User\\Desktop\\fathudives\\node_modules\\@img\\sharp-darwin-x64'
146 silly reify ]
147 verbose reify failed optional dependency C:\Users\User\Desktop\fathudives\node_modules\@img\sharp-darwin-arm64
148 silly reify mark deleted [
148 silly reify   'C:\\Users\\User\\Desktop\\fathudives\\node_modules\\@img\\sharp-darwin-arm64'
148 silly reify ]
149 http cache @types/react@https://registry.npmjs.org/@types/react/-/react-19.2.17.tgz 7ms (cache hit)
150 http cache @vercel/analytics@https://registry.npmjs.org/@vercel/analytics/-/analytics-1.6.1.tgz 0ms (cache hit)
151 http cache @tailwindcss/postcss@https://registry.npmjs.org/@tailwindcss/postcss/-/postcss-4.3.2.tgz 0ms (cache hit)
152 http cache tailwind-merge@https://registry.npmjs.org/tailwind-merge/-/tailwind-merge-3.6.0.tgz 0ms (cache hit)
153 http cache tailwindcss@https://registry.npmjs.org/tailwindcss/-/tailwindcss-4.3.2.tgz 0ms (cache hit)
154 http cache zod@https://registry.npmjs.org/zod/-/zod-4.4.3.tgz 3ms (cache hit)
155 http cache tw-animate-css@https://registry.npmjs.org/tw-animate-css/-/tw-animate-css-1.4.0.tgz 1ms (cache hit)
156 http cache sonner@https://registry.npmjs.org/sonner/-/sonner-2.0.7.tgz 0ms (cache hit)
157 http cache @types/react-dom@https://registry.npmjs.org/@types/react-dom/-/react-dom-19.2.3.tgz 1ms (cache hit)
158 http cache postcss@https://registry.npmjs.org/postcss/-/postcss-8.5.19.tgz 2ms (cache hit)
159 http cache next-themes@https://registry.npmjs.org/next-themes/-/next-themes-0.4.6.tgz 0ms (cache hit)
160 http cache react@https://registry.npmjs.org/react/-/react-19.2.7.tgz 3ms (cache hit)
161 http cache typescript@https://registry.npmjs.org/typescript/-/typescript-5.7.3.tgz 1ms (cache hit)
162 http cache next@https://registry.npmjs.org/next/-/next-16.2.6.tgz 1ms (cache hit)
163 http cache clsx@https://registry.npmjs.org/clsx/-/clsx-2.1.1.tgz 0ms (cache hit)
164 http cache date-fns@https://registry.npmjs.org/date-fns/-/date-fns-4.4.0.tgz 2ms (cache hit)
165 http cache class-variance-authority@https://registry.npmjs.org/class-variance-authority/-/class-variance-authority-0.7.1.tgz 0ms (cache hit)
166 http cache react-dom@https://registry.npmjs.org/react-dom/-/react-dom-19.2.7.tgz 1ms (cache hit)
167 http cache @types/nodemailer@https://registry.npmjs.org/@types/nodemailer/-/nodemailer-8.0.1.tgz 0ms (cache hit)
168 http cache @types/node@https://registry.npmjs.org/@types/node/-/node-24.13.3.tgz 0ms (cache hit)
169 http cache @supabase/ssr@https://registry.npmjs.org/@supabase/ssr/-/ssr-0.12.3.tgz 0ms (cache hit)
170 http cache @base-ui/react@https://registry.npmjs.org/@base-ui/react/-/react-1.6.0.tgz 0ms (cache hit)
171 http cache shadcn@https://registry.npmjs.org/shadcn/-/shadcn-4.13.0.tgz 0ms (cache hit)
172 http cache @supabase/supabase-js@https://registry.npmjs.org/@supabase/supabase-js/-/supabase-js-2.110.6.tgz 1ms (cache hit)
173 http cache lucide-react@https://registry.npmjs.org/lucide-react/-/lucide-react-1.24.0.tgz 0ms (cache hit)
174 http cache nodemailer@https://registry.npmjs.org/nodemailer/-/nodemailer-9.0.4.tgz 0ms (cache hit)
175 http cache react-day-picker@https://registry.npmjs.org/react-day-picker/-/react-day-picker-10.0.1.tgz 0ms (cache hit)
176 http cache motion@https://registry.npmjs.org/motion/-/motion-12.42.2.tgz 0ms (cache hit)
177 http cache postcss@https://registry.npmjs.org/postcss/-/postcss-8.4.31.tgz 0ms (cache hit)
178 silly tarball no local data for @types/react@https://registry.npmjs.org/@types/react/-/react-19.2.17.tgz. Extracting by manifest.
179 silly tarball no local data for @vercel/analytics@https://registry.npmjs.org/@vercel/analytics/-/analytics-1.6.1.tgz. Extracting by manifest.
180 silly tarball no local data for @tailwindcss/postcss@https://registry.npmjs.org/@tailwindcss/postcss/-/postcss-4.3.2.tgz. Extracting by manifest.
181 silly tarball no local data for tailwind-merge@https://registry.npmjs.org/tailwind-merge/-/tailwind-merge-3.6.0.tgz. Extracting by manifest.
182 http cache zod@https://registry.npmjs.org/zod/-/zod-3.25.76.tgz 0ms (cache hit)
183 silly tarball no local data for tailwindcss@https://registry.npmjs.org/tailwindcss/-/tailwindcss-4.3.2.tgz. Extracting by manifest.
184 silly tarball no local data for zod@https://registry.npmjs.org/zod/-/zod-4.4.3.tgz. Extracting by manifest.
185 silly tarball no local data for tw-animate-css@https://registry.npmjs.org/tw-animate-css/-/tw-animate-css-1.4.0.tgz. Extracting by manifest.
186 silly tarball no local data for sonner@https://registry.npmjs.org/sonner/-/sonner-2.0.7.tgz. Extracting by manifest.
187 silly tarball no local data for @types/react-dom@https://registry.npmjs.org/@types/react-dom/-/react-dom-19.2.3.tgz. Extracting by manifest.
188 silly tarball no local data for postcss@https://registry.npmjs.org/postcss/-/postcss-8.5.19.tgz. Extracting by manifest.
189 silly tarball no local data for next-themes@https://registry.npmjs.org/next-themes/-/next-themes-0.4.6.tgz. Extracting by manifest.
190 silly tarball no local data for react@https://registry.npmjs.org/react/-/react-19.2.7.tgz. Extracting by manifest.
191 silly tarball no local data for typescript@https://registry.npmjs.org/typescript/-/typescript-5.7.3.tgz. Extracting by manifest.
192 silly tarball no local data for next@https://registry.npmjs.org/next/-/next-16.2.6.tgz. Extracting by manifest.
193 silly tarball no local data for clsx@https://registry.npmjs.org/clsx/-/clsx-2.1.1.tgz. Extracting by manifest.
194 silly tarball no local data for date-fns@https://registry.npmjs.org/date-fns/-/date-fns-4.4.0.tgz. Extracting by manifest.
195 silly tarball no local data for class-variance-authority@https://registry.npmjs.org/class-variance-authority/-/class-variance-authority-0.7.1.tgz. Extracting by manifest.
196 silly tarball no local data for react-dom@https://registry.npmjs.org/react-dom/-/react-dom-19.2.7.tgz. Extracting by manifest.
197 silly tarball no local data for @types/nodemailer@https://registry.npmjs.org/@types/nodemailer/-/nodemailer-8.0.1.tgz. Extracting by manifest.
198 silly tarball no local data for @types/node@https://registry.npmjs.org/@types/node/-/node-24.13.3.tgz. Extracting by manifest.
199 silly tarball no local data for @supabase/ssr@https://registry.npmjs.org/@supabase/ssr/-/ssr-0.12.3.tgz. Extracting by manifest.
200 silly tarball no local data for @base-ui/react@https://registry.npmjs.org/@base-ui/react/-/react-1.6.0.tgz. Extracting by manifest.
201 silly tarball no local data for shadcn@https://registry.npmjs.org/shadcn/-/shadcn-4.13.0.tgz. Extracting by manifest.
202 silly tarball no local data for @supabase/supabase-js@https://registry.npmjs.org/@supabase/supabase-js/-/supabase-js-2.110.6.tgz. Extracting by manifest.
203 silly tarball no local data for lucide-react@https://registry.npmjs.org/lucide-react/-/lucide-react-1.24.0.tgz. Extracting by manifest.
204 silly tarball no local data for nodemailer@https://registry.npmjs.org/nodemailer/-/nodemailer-9.0.4.tgz. Extracting by manifest.
205 silly tarball no local data for react-day-picker@https://registry.npmjs.org/react-day-picker/-/react-day-picker-10.0.1.tgz. Extracting by manifest.
206 silly tarball no local data for motion@https://registry.npmjs.org/motion/-/motion-12.42.2.tgz. Extracting by manifest.
207 silly tarball no local data for postcss@https://registry.npmjs.org/postcss/-/postcss-8.4.31.tgz. Extracting by manifest.
208 silly tarball no local data for zod@https://registry.npmjs.org/zod/-/zod-3.25.76.tgz. Extracting by manifest.
209 silly audit bulk request failed undefined
210 http fetch GET https://registry.npmjs.org/@types/react/-/react-19.2.17.tgz attempt 1 failed with ETIMEDOUT
211 http fetch GET https://registry.npmjs.org/@vercel/analytics/-/analytics-1.6.1.tgz attempt 1 failed with ETIMEDOUT
212 http fetch GET https://registry.npmjs.org/@tailwindcss/postcss/-/postcss-4.3.2.tgz attempt 1 failed with ETIMEDOUT
213 http fetch GET https://registry.npmjs.org/tailwind-merge/-/tailwind-merge-3.6.0.tgz attempt 1 failed with ETIMEDOUT
214 http fetch GET https://registry.npmjs.org/tailwindcss/-/tailwindcss-4.3.2.tgz attempt 1 failed with ETIMEDOUT
215 http fetch GET https://registry.npmjs.org/zod/-/zod-4.4.3.tgz attempt 1 failed with ETIMEDOUT
216 http fetch GET https://registry.npmjs.org/tw-animate-css/-/tw-animate-css-1.4.0.tgz attempt 1 failed with ETIMEDOUT
217 http fetch GET https://registry.npmjs.org/sonner/-/sonner-2.0.7.tgz attempt 1 failed with ETIMEDOUT
218 http fetch GET https://registry.npmjs.org/@types/react-dom/-/react-dom-19.2.3.tgz attempt 1 failed with ETIMEDOUT
219 http fetch GET https://registry.npmjs.org/postcss/-/postcss-8.5.19.tgz attempt 1 failed with ETIMEDOUT
220 http fetch GET https://registry.npmjs.org/next-themes/-/next-themes-0.4.6.tgz attempt 1 failed with ETIMEDOUT
221 http fetch GET https://registry.npmjs.org/react/-/react-19.2.7.tgz attempt 1 failed with ETIMEDOUT
222 http fetch GET https://registry.npmjs.org/typescript/-/typescript-5.7.3.tgz attempt 1 failed with ETIMEDOUT
223 http fetch GET https://registry.npmjs.org/next/-/next-16.2.6.tgz attempt 1 failed with ETIMEDOUT
224 verbose audit error FetchError: request to https://registry.npmjs.org/-/npm/v1/security/audits/quick failed, reason: 
224 verbose audit error     at ClientRequest.<anonymous> (C:\Program Files\nodejs\node_modules\npm\node_modules\minipass-fetch\lib\index.js:130:14)
224 verbose audit error     at ClientRequest.emit (node:events:519:28)
224 verbose audit error     at emitErrorEvent (node:_http_client:105:11)
224 verbose audit error     at _destroy (node:_http_client:898:9)
224 verbose audit error     at onSocketNT (node:_http_client:918:5)
224 verbose audit error     at process.processTicksAndRejections (node:internal/process/task_queues:91:21) {
224 verbose audit error   code: 'EACCES',
224 verbose audit error   errno: 'EACCES',
224 verbose audit error   type: 'system'
224 verbose audit error }
225 silly audit error undefined
226 silly audit report null
227 http fetch GET https://registry.npmjs.org/@types/react/-/react-19.2.17.tgz attempt 2 failed with EACCES
228 http fetch GET https://registry.npmjs.org/@vercel/analytics/-/analytics-1.6.1.tgz attempt 2 failed with EACCES
229 http fetch GET https://registry.npmjs.org/@tailwindcss/postcss/-/postcss-4.3.2.tgz attempt 2 failed with EACCES
230 http fetch GET https://registry.npmjs.org/tailwind-merge/-/tailwind-merge-3.6.0.tgz attempt 2 failed with EACCES
231 http fetch GET https://registry.npmjs.org/tailwindcss/-/tailwindcss-4.3.2.tgz attempt 2 failed with EACCES
232 http fetch GET https://registry.npmjs.org/zod/-/zod-4.4.3.tgz attempt 2 failed with EACCES
233 http fetch GET https://registry.npmjs.org/tw-animate-css/-/tw-animate-css-1.4.0.tgz attempt 2 failed with EACCES
234 http fetch GET https://registry.npmjs.org/sonner/-/sonner-2.0.7.tgz attempt 2 failed with EACCES
235 http fetch GET https://registry.npmjs.org/@types/react-dom/-/react-dom-19.2.3.tgz attempt 2 failed with EACCES
236 http fetch GET https://registry.npmjs.org/postcss/-/postcss-8.5.19.tgz attempt 2 failed with EACCES
237 http fetch GET https://registry.npmjs.org/next-themes/-/next-themes-0.4.6.tgz attempt 2 failed with EACCES
238 http fetch GET https://registry.npmjs.org/react/-/react-19.2.7.tgz attempt 2 failed with EACCES
239 http fetch GET https://registry.npmjs.org/typescript/-/typescript-5.7.3.tgz attempt 2 failed with EACCES
240 http fetch GET https://registry.npmjs.org/next/-/next-16.2.6.tgz attempt 2 failed with EACCES
241 http fetch GET https://registry.npmjs.org/npm attempt 3 failed with EACCES
242 http fetch GET https://registry.npmjs.org/@types/react/-/react-19.2.17.tgz attempt 3 failed with EACCES
243 http fetch GET https://registry.npmjs.org/@vercel/analytics/-/analytics-1.6.1.tgz attempt 3 failed with EACCES
244 http fetch GET https://registry.npmjs.org/@tailwindcss/postcss/-/postcss-4.3.2.tgz attempt 3 failed with EACCES
245 http fetch GET https://registry.npmjs.org/tailwind-merge/-/tailwind-merge-3.6.0.tgz attempt 3 failed with EACCES
246 http fetch GET https://registry.npmjs.org/tailwindcss/-/tailwindcss-4.3.2.tgz attempt 3 failed with EACCES
247 http fetch GET https://registry.npmjs.org/zod/-/zod-4.4.3.tgz attempt 3 failed with EACCES
248 http fetch GET https://registry.npmjs.org/tw-animate-css/-/tw-animate-css-1.4.0.tgz attempt 3 failed with EACCES
249 http fetch GET https://registry.npmjs.org/sonner/-/sonner-2.0.7.tgz attempt 3 failed with EACCES
250 http fetch GET https://registry.npmjs.org/@types/react-dom/-/react-dom-19.2.3.tgz attempt 3 failed with EACCES
251 http fetch GET https://registry.npmjs.org/postcss/-/postcss-8.5.19.tgz attempt 3 failed with EACCES
252 http fetch GET https://registry.npmjs.org/next-themes/-/next-themes-0.4.6.tgz attempt 3 failed with EACCES
253 http fetch GET https://registry.npmjs.org/react/-/react-19.2.7.tgz attempt 3 failed with EACCES
254 http fetch GET https://registry.npmjs.org/typescript/-/typescript-5.7.3.tgz attempt 3 failed with EACCES
255 http fetch GET https://registry.npmjs.org/next/-/next-16.2.6.tgz attempt 3 failed with EACCES
256 verbose cwd C:\Users\User\Desktop\fathudives
257 verbose os Windows_NT 10.0.26200
258 verbose node v22.19.0
259 verbose npm  v10.9.3
260 error Exit handler never called!
261 error This is an error with npm itself. Please report this error at:
262 error   <https://github.com/npm/cli/issues>
263 verbose exit 1
264 verbose code 1
265 error A complete log of this run can be found in: C:\Users\User\Desktop\fathudives\.npm-cache\_logs\2026-08-13T19_58_41_956Z-debug-0.log
